exports[`fetch fetches comments from remote api 1`] = `
Array [
  Object {
    "type": "SAGA:COMMENTS:FETCH",
  },
  Object {
    "loading": true,
    "type": "COMMENTS_STORE:SET_LOADING",
  },
]
`;
